// Jest Snapshot v1, https://goo.gl/fbAQLP

exports[`Background renders 1`] = `
<DocumentFragment>
  <div
    class="c-background"
  />
</DocumentFragment>
`;
