// Jest Snapshot v1, https://goo.gl/fbAQLP

exports[`BoardSquare renders 1`] = `
<DocumentFragment>
  <button
    class="c-board-button u-player--player-one"
  >
    <svg
      class="c-player-piece"
      title="X"
    >
      X.svg
    </svg>
  </button>
</DocumentFragment>
`;
