// Jest Snapshot v1, https://goo.gl/fbAQLP

exports[`BoardGrid renders 1`] = `
<DocumentFragment>
  <svg
    class="c-game-board__grid"
  >
    board.svg
  </svg>
</DocumentFragment>
`;
