// Jest Snapshot v1, https://goo.gl/fbAQLP

exports[`TurnStatus renders 1`] = `
<DocumentFragment>
  <div
    data-testid="TurnStatus"
  >
    <span
      data-testid="TurnStatus/Player"
    >
      Test Player One
    </span>
    's turn!
  </div>
</DocumentFragment>
`;
