// Jest Snapshot v1, https://goo.gl/fbAQLP

exports[`PlayerIcon renders 1`] = `
<DocumentFragment>
  <span>
    Â 
  </span>
</DocumentFragment>
`;
