// Jest Snapshot v1, https://goo.gl/fbAQLP

exports[`X renders 1`] = `
<DocumentFragment>
  <svg
    class="c-player-piece"
    title="X"
  >
    X.svg
  </svg>
</DocumentFragment>
`;
